// Jest Snapshot v1, https://goo.gl/fbAQLP

exports[`Error Page Component should render right render correctly snapshot component 1`] = `
<main>
  <div
    className="fullScreenCont"
  >
    <img
      alt=""
      className="headerImage"
      src="../images/backgroundMainPages/news.jpg"
    />
    <div
      className="searchBar"
    >
      <form
        action=""
      >
        <select
          className="contentType"
          defaultValue={
            Array [
              "article",
            ]
          }
          multiple={true}
          name="findType"
          onChange={[Function]}
        >
          <option
            value="article"
          >
            article
          </option>
          <option
            value="product"
          >
            product
          </option>
        </select>
        <div
          className="categoryCont"
        >
          Categories
        </div>
        <button>
          Find
          article
        </button>
      </form>
    </div>
  </div>
  <ul
    className="breadcrumbs"
  >
    <li
      className="home"
    >
      <a
        href="/"
      >
        Home
      </a>
    </li>
    <li
      className="current"
    >
      <a />
    </li>
  </ul>
  <div
    className="articleConteiner"
  >
    <div
      className="grid grid-four"
    >
      <div
        className="articleTile"
        data-attr={1}
      >
        <a
          href="/article/ability/woda"
        >
          <img
            alt=""
            src="./images/placeholders/images/placeholder/abc.jpg"
          />
          <div
            className="tileCont"
          >
            <div>
              <span>
                woda
              </span>
            </div>
          </div>
        </a>
      </div>
      <div
        className="articleTile"
        data-attr={2}
      >
        <a
          href="/article/ability/woda"
        >
          <img
            alt=""
            src="./images/placeholders/images/placeholder/abc.jpg"
          />
          <div
            className="tileCont"
          >
            <div>
              <span>
                woda
              </span>
            </div>
          </div>
        </a>
      </div>
    </div>
  </div>
</main>
`;
