// Jest Snapshot v1, https://goo.gl/fbAQLP

exports[`Burger Menu Component should render right render correctly snapshot component 1`] = `
<ul>
  <li
    className="login"
  >
    <a
      aria-current={null}
      className={undefined}
      href="/login"
      onClick={[Function]}
      style={undefined}
    >
      login
    </a>
  </li>
  <li>
    <a
      aria-current={null}
      className={undefined}
      href="/articles/news"
      onClick={[Function]}
      style={undefined}
    >
      news
    </a>
  </li>
  <li>
    <a
      aria-current={null}
      className={undefined}
      href="/projects"
      onClick={[Function]}
      style={undefined}
    >
      projects
    </a>
  </li>
  <li>
    <a
      aria-current={null}
      className={undefined}
      href="/abilities"
      onClick={[Function]}
      style={undefined}
    >
      abilities
    </a>
  </li>
  <li>
    <a
      aria-current={null}
      className={undefined}
      href="/products"
      onClick={[Function]}
      style={undefined}
    >
      store
    </a>
  </li>
  <li>
    <a
      aria-current={null}
      className={undefined}
      href="/about"
      onClick={[Function]}
      style={undefined}
    >
      about
    </a>
  </li>
</ul>
`;
