// Jest Snapshot v1, https://goo.gl/fbAQLP

exports[`LoadingIndicator when isLoading is false render correctly snapshot component 1`] = `
<div
  className="loadingScreen showLoading"
>
  <div
    className="loadImage"
  />
</div>
`;
